<?xml version="1.0" encoding="ISO-8859-1" ?>
<link_info>
   <banner>TMS320C2000 Linker PC v22.6.1.LTS</banner>
   <copyright>Copyright (c) 1996-2018 Texas Instruments Incorporated</copyright>
   <link_time>0x67cae933</link_time>
   <link_errors>0x0</link_errors>
   <output_file>f280025.out</output_file>
   <entry_point>
      <name>code_start</name>
      <address>0x80000</address>
   </entry_point>
   <input_file_list>
      <input_file id="fl-2">
         <path>.\</path>
         <kind>object</kind>
         <file>f28002x_codestartbranch.obj</file>
         <name>f28002x_codestartbranch.obj</name>
      </input_file>
      <input_file id="fl-3">
         <path>.\</path>
         <kind>object</kind>
         <file>f28002x_defaultisr.obj</file>
         <name>f28002x_defaultisr.obj</name>
      </input_file>
      <input_file id="fl-4">
         <path>.\</path>
         <kind>object</kind>
         <file>f28002x_globalvariabledefs.obj</file>
         <name>f28002x_globalvariabledefs.obj</name>
      </input_file>
      <input_file id="fl-5">
         <path>.\</path>
         <kind>object</kind>
         <file>f28002x_gpio.obj</file>
         <name>f28002x_gpio.obj</name>
      </input_file>
      <input_file id="fl-6">
         <path>.\</path>
         <kind>object</kind>
         <file>f28002x_piectrl.obj</file>
         <name>f28002x_piectrl.obj</name>
      </input_file>
      <input_file id="fl-7">
         <path>.\</path>
         <kind>object</kind>
         <file>f28002x_pievect.obj</file>
         <name>f28002x_pievect.obj</name>
      </input_file>
      <input_file id="fl-8">
         <path>.\</path>
         <kind>object</kind>
         <file>f28002x_sysctrl.obj</file>
         <name>f28002x_sysctrl.obj</name>
      </input_file>
      <input_file id="fl-9">
         <path>.\</path>
         <kind>object</kind>
         <file>f28002x_usdelay.obj</file>
         <name>f28002x_usdelay.obj</name>
      </input_file>
      <input_file id="fl-a">
         <path>.\src\</path>
         <kind>object</kind>
         <file>F2837xD_can.obj</file>
         <name>F2837xD_can.obj</name>
      </input_file>
      <input_file id="fl-b">
         <path>.\src\</path>
         <kind>object</kind>
         <file>can_setup.obj</file>
         <name>can_setup.obj</name>
      </input_file>
      <input_file id="fl-c">
         <path>.\src\</path>
         <kind>object</kind>
         <file>feeder.obj</file>
         <name>feeder.obj</name>
      </input_file>
      <input_file id="fl-d">
         <path>.\src\</path>
         <kind>object</kind>
         <file>gpio.obj</file>
         <name>gpio.obj</name>
      </input_file>
      <input_file id="fl-e">
         <path>.\src\</path>
         <kind>object</kind>
         <file>isr.obj</file>
         <name>isr.obj</name>
      </input_file>
      <input_file id="fl-f">
         <path>.\src\</path>
         <kind>object</kind>
         <file>main.obj</file>
         <name>main.obj</name>
      </input_file>
      <input_file id="fl-14">
         <kind>object</kind>
         <file>&lt;internal&gt;</file>
         <name>&lt;internal&gt;</name>
      </input_file>
      <input_file id="fl-20">
         <path>C:\ti\ccs1260\ccs\tools\compiler\ti-cgt-c2000_22.6.1.LTS\lib\</path>
         <kind>archive</kind>
         <file>rts2800_fpu32_eabi.lib</file>
         <name>boot28.asm.obj</name>
      </input_file>
      <input_file id="fl-21">
         <path>C:\ti\ccs1260\ccs\tools\compiler\ti-cgt-c2000_22.6.1.LTS\lib\</path>
         <kind>archive</kind>
         <file>rts2800_fpu32_eabi.lib</file>
         <name>fs_div28.asm.obj</name>
      </input_file>
      <input_file id="fl-22">
         <path>C:\ti\ccs1260\ccs\tools\compiler\ti-cgt-c2000_22.6.1.LTS\lib\</path>
         <kind>archive</kind>
         <file>rts2800_fpu32_eabi.lib</file>
         <name>memcpy.c.obj</name>
      </input_file>
      <input_file id="fl-23">
         <path>C:\ti\ccs1260\ccs\tools\compiler\ti-cgt-c2000_22.6.1.LTS\lib\</path>
         <kind>archive</kind>
         <file>rts2800_fpu32_eabi.lib</file>
         <name>pre_init.c.obj</name>
      </input_file>
      <input_file id="fl-24">
         <path>C:\ti\ccs1260\ccs\tools\compiler\ti-cgt-c2000_22.6.1.LTS\lib\</path>
         <kind>archive</kind>
         <file>rts2800_fpu32_eabi.lib</file>
         <name>autoinit.c.obj</name>
      </input_file>
      <input_file id="fl-25">
         <path>C:\ti\ccs1260\ccs\tools\compiler\ti-cgt-c2000_22.6.1.LTS\lib\</path>
         <kind>archive</kind>
         <file>rts2800_fpu32_eabi.lib</file>
         <name>copy_zero_init.c.obj</name>
      </input_file>
      <input_file id="fl-26">
         <path>C:\ti\ccs1260\ccs\tools\compiler\ti-cgt-c2000_22.6.1.LTS\lib\</path>
         <kind>archive</kind>
         <file>rts2800_fpu32_eabi.lib</file>
         <name>copy_decompress_none.c.obj</name>
      </input_file>
      <input_file id="fl-27">
         <path>C:\ti\ccs1260\ccs\tools\compiler\ti-cgt-c2000_22.6.1.LTS\lib\</path>
         <kind>archive</kind>
         <file>rts2800_fpu32_eabi.lib</file>
         <name>copy_decompress_lzss.c.obj</name>
      </input_file>
      <input_file id="fl-28">
         <path>C:\ti\ccs1260\ccs\tools\compiler\ti-cgt-c2000_22.6.1.LTS\lib\</path>
         <kind>archive</kind>
         <file>rts2800_fpu32_eabi.lib</file>
         <name>exit.c.obj</name>
      </input_file>
      <input_file id="fl-29">
         <path>C:\ti\ccs1260\ccs\tools\compiler\ti-cgt-c2000_22.6.1.LTS\lib\</path>
         <kind>archive</kind>
         <file>rts2800_fpu32_eabi.lib</file>
         <name>_lock.c.obj</name>
      </input_file>
      <input_file id="fl-2a">
         <path>C:\ti\ccs1260\ccs\tools\compiler\ti-cgt-c2000_22.6.1.LTS\lib\</path>
         <kind>archive</kind>
         <file>rts2800_fpu32_eabi.lib</file>
         <name>args_main.c.obj</name>
      </input_file>
      <input_file id="fl-2b">
         <path>C:\ti\ccs1260\ccs\tools\compiler\ti-cgt-c2000_22.6.1.LTS\lib\</path>
         <kind>archive</kind>
         <file>rts2800_fpu32_eabi.lib</file>
         <name>memset.c.obj</name>
      </input_file>
      <input_file id="fl-2c">
         <path>C:\ti\ccs1260\ccs\tools\compiler\ti-cgt-c2000_22.6.1.LTS\lib\</path>
         <kind>archive</kind>
         <file>rts2800_fpu32_eabi.lib</file>
         <name>cpy_tbl.c.obj</name>
      </input_file>
      <input_file id="fl-2d">
         <path>C:\ti\ccs1260\ccs\tools\compiler\ti-cgt-c2000_22.6.1.LTS\lib\</path>
         <kind>archive</kind>
         <file>rts2800_fpu32_eabi.lib</file>
         <name>startup.c.obj</name>
      </input_file>
   </input_file_list>
   <object_component_list>
      <object_component id="oc-8e">
         <name>codestart</name>
         <load_address>0x80000</load_address>
         <run_address>0x80000</run_address>
         <size>0x2</size>
         <input_file_ref idref="fl-2"/>
      </object_component>
      <object_component id="oc-2fa">
         <name>.text:main</name>
         <load_address>0x82000</load_address>
         <run_address>0x82000</run_address>
         <size>0xf2</size>
         <input_file_ref idref="fl-f"/>
      </object_component>
      <object_component id="oc-437">
         <name>.text:InitSysPll</name>
         <load_address>0x820f2</load_address>
         <run_address>0x820f2</run_address>
         <size>0xe6</size>
         <input_file_ref idref="fl-8"/>
      </object_component>
      <object_component id="oc-391">
         <name>.text:getCANMessage</name>
         <load_address>0x821d8</load_address>
         <run_address>0x821d8</run_address>
         <size>0xd8</size>
         <input_file_ref idref="fl-b"/>
      </object_component>
      <object_component id="oc-3dd">
         <name>.text:sendCANMessage</name>
         <load_address>0x822b0</load_address>
         <run_address>0x822b0</run_address>
         <size>0xc9</size>
         <input_file_ref idref="fl-b"/>
      </object_component>
      <object_component id="oc-4b6">
         <name>.text:IsPLLValid</name>
         <load_address>0x82379</load_address>
         <run_address>0x82379</run_address>
         <size>0xa0</size>
         <input_file_ref idref="fl-8"/>
      </object_component>
      <object_component id="oc-3c3">
         <name>.text:setCANBitRate</name>
         <load_address>0x82419</load_address>
         <run_address>0x82419</run_address>
         <size>0x91</size>
         <input_file_ref idref="fl-b"/>
      </object_component>
      <object_component id="oc-52e">
         <name>.text:ComputeCntrSeedValue</name>
         <load_address>0x824aa</load_address>
         <run_address>0x824aa</run_address>
         <size>0x8e</size>
         <input_file_ref idref="fl-8"/>
      </object_component>
      <object_component id="oc-529">
         <name>.text</name>
         <load_address>0x82538</load_address>
         <run_address>0x82538</run_address>
         <size>0x88</size>
         <input_file_ref idref="fl-21"/>
      </object_component>
      <object_component id="oc-3c9">
         <name>.text:setupMessageObject_RX</name>
         <load_address>0x825c0</load_address>
         <run_address>0x825c0</run_address>
         <size>0x84</size>
         <input_file_ref idref="fl-b"/>
      </object_component>
      <object_component id="oc-3bd">
         <name>.text:InitCAN</name>
         <load_address>0x82644</load_address>
         <run_address>0x82644</run_address>
         <size>0x70</size>
         <input_file_ref idref="fl-a"/>
      </object_component>
      <object_component id="oc-3cf">
         <name>.text:setupMessageObject_TX</name>
         <load_address>0x826b4</load_address>
         <run_address>0x826b4</run_address>
         <size>0x66</size>
         <input_file_ref idref="fl-b"/>
      </object_component>
      <object_component id="oc-43d">
         <name>.text:InitPeripheralClocks</name>
         <load_address>0x8271a</load_address>
         <run_address>0x8271a</run_address>
         <size>0x4d</size>
         <input_file_ref idref="fl-8"/>
      </object_component>
      <object_component id="oc-39f">
         <name>.text:InitGpio</name>
         <load_address>0x82767</load_address>
         <run_address>0x82767</run_address>
         <size>0x4c</size>
         <input_file_ref idref="fl-5"/>
      </object_component>
      <object_component id="oc-2f4">
         <name>.text:cana_isr</name>
         <load_address>0x827b3</load_address>
         <run_address>0x827b3</run_address>
         <size>0x4b</size>
         <input_file_ref idref="fl-e"/>
      </object_component>
      <object_component id="oc-81">
         <name>.text:decompress:lzss</name>
         <load_address>0x827fe</load_address>
         <run_address>0x827fe</run_address>
         <size>0x30</size>
         <input_file_ref idref="fl-27"/>
      </object_component>
      <object_component id="oc-4d9">
         <name>.text:__TI_auto_init_nobinit_nopinit</name>
         <load_address>0x8282e</load_address>
         <run_address>0x8282e</run_address>
         <size>0x2b</size>
         <input_file_ref idref="fl-24"/>
      </object_component>
      <object_component id="oc-484">
         <name>.text</name>
         <load_address>0x82859</load_address>
         <run_address>0x82859</run_address>
         <size>0x29</size>
         <input_file_ref idref="fl-28"/>
      </object_component>
      <object_component id="oc-3ab">
         <name>.text:InitPieVectTable</name>
         <load_address>0x82882</load_address>
         <run_address>0x82882</run_address>
         <size>0x25</size>
         <input_file_ref idref="fl-7"/>
      </object_component>
      <object_component id="oc-4aa">
         <name>.text:SysXtalOscSel</name>
         <load_address>0x828a7</load_address>
         <run_address>0x828a7</run_address>
         <size>0x20</size>
         <input_file_ref idref="fl-8"/>
      </object_component>
      <object_component id="oc-3b7">
         <name>.text:GPIO_USER_LED</name>
         <load_address>0x828c7</load_address>
         <run_address>0x828c7</run_address>
         <size>0x1f</size>
         <input_file_ref idref="fl-d"/>
      </object_component>
      <object_component id="oc-3a5">
         <name>.text:InitPieCtrl</name>
         <load_address>0x828e6</load_address>
         <run_address>0x828e6</run_address>
         <size>0x1f</size>
         <input_file_ref idref="fl-6"/>
      </object_component>
      <object_component id="oc-3b1">
         <name>.text:GPIO_CANA</name>
         <load_address>0x82905</load_address>
         <run_address>0x82905</run_address>
         <size>0x1d</size>
         <input_file_ref idref="fl-d"/>
      </object_component>
      <object_component id="oc-399">
         <name>.text:InitSysCtrl</name>
         <load_address>0x82922</load_address>
         <run_address>0x82922</run_address>
         <size>0x1d</size>
         <input_file_ref idref="fl-8"/>
      </object_component>
      <object_component id="oc-303">
         <name>.text</name>
         <load_address>0x8293f</load_address>
         <run_address>0x8293f</run_address>
         <size>0x1d</size>
         <input_file_ref idref="fl-22"/>
      </object_component>
      <object_component id="oc-51b">
         <name>.text:PollX1Counter</name>
         <load_address>0x8295c</load_address>
         <run_address>0x8295c</run_address>
         <size>0x1b</size>
         <input_file_ref idref="fl-8"/>
      </object_component>
      <object_component id="oc-40e">
         <name>.text</name>
         <load_address>0x82977</load_address>
         <run_address>0x82977</run_address>
         <size>0x17</size>
         <input_file_ref idref="fl-20"/>
      </object_component>
      <object_component id="oc-4b0">
         <name>.text:SysXtalOscSESel</name>
         <load_address>0x8298e</load_address>
         <run_address>0x8298e</run_address>
         <size>0x15</size>
         <input_file_ref idref="fl-8"/>
      </object_component>
      <object_component id="oc-42b">
         <name>.text:DisableDog</name>
         <load_address>0x829a3</load_address>
         <run_address>0x829a3</run_address>
         <size>0xd</size>
         <input_file_ref idref="fl-8"/>
      </object_component>
      <object_component id="oc-2e8">
         <name>.text:EMPTY_ISR</name>
         <load_address>0x829b0</load_address>
         <run_address>0x829b0</run_address>
         <size>0xd</size>
         <input_file_ref idref="fl-3"/>
      </object_component>
      <object_component id="oc-30b">
         <name>.text:decompress:ZI:__TI_zero_init_nomemset</name>
         <load_address>0x829bd</load_address>
         <run_address>0x829bd</run_address>
         <size>0xd</size>
         <input_file_ref idref="fl-25"/>
      </object_component>
      <object_component id="oc-47e">
         <name>.text</name>
         <load_address>0x829ca</load_address>
         <run_address>0x829ca</run_address>
         <size>0xc</size>
         <input_file_ref idref="fl-2a"/>
      </object_component>
      <object_component id="oc-10e">
         <name>.text:ADCA1_ISR</name>
         <load_address>0x829d6</load_address>
         <run_address>0x829d6</run_address>
         <size>0xa</size>
         <input_file_ref idref="fl-3"/>
      </object_component>
      <object_component id="oc-222">
         <name>.text:ADCA2_ISR</name>
         <load_address>0x829e0</load_address>
         <run_address>0x829e0</run_address>
         <size>0xa</size>
         <input_file_ref idref="fl-3"/>
      </object_component>
      <object_component id="oc-228">
         <name>.text:ADCA3_ISR</name>
         <load_address>0x829ea</load_address>
         <run_address>0x829ea</run_address>
         <size>0xa</size>
         <input_file_ref idref="fl-3"/>
      </object_component>
      <object_component id="oc-22e">
         <name>.text:ADCA4_ISR</name>
         <load_address>0x829f4</load_address>
         <run_address>0x829f4</run_address>
         <size>0xa</size>
         <input_file_ref idref="fl-3"/>
      </object_component>
      <object_component id="oc-21c">
         <name>.text:ADCA_EVT_ISR</name>
         <load_address>0x829fe</load_address>
         <run_address>0x829fe</run_address>
         <size>0xa</size>
         <input_file_ref idref="fl-3"/>
      </object_component>
      <object_component id="oc-114">
         <name>.text:ADCC1_ISR</name>
         <load_address>0x82a08</load_address>
         <run_address>0x82a08</run_address>
         <size>0xa</size>
         <input_file_ref idref="fl-3"/>
      </object_component>
      <object_component id="oc-2b8">
         <name>.text:ADCC2_ISR</name>
         <load_address>0x82a12</load_address>
         <run_address>0x82a12</run_address>
         <size>0xa</size>
         <input_file_ref idref="fl-3"/>
      </object_component>
      <object_component id="oc-2be">
         <name>.text:ADCC3_ISR</name>
         <load_address>0x82a1c</load_address>
         <run_address>0x82a1c</run_address>
         <size>0xa</size>
         <input_file_ref idref="fl-3"/>
      </object_component>
      <object_component id="oc-2c4">
         <name>.text:ADCC4_ISR</name>
         <load_address>0x82a26</load_address>
         <run_address>0x82a26</run_address>
         <size>0xa</size>
         <input_file_ref idref="fl-3"/>
      </object_component>
      <object_component id="oc-2b2">
         <name>.text:ADCC_EVT_ISR</name>
         <load_address>0x82a30</load_address>
         <run_address>0x82a30</run_address>
         <size>0xa</size>
         <input_file_ref idref="fl-3"/>
      </object_component>
      <object_component id="oc-2a6">
         <name>.text:BGCRC_ISR</name>
         <load_address>0x82a3a</load_address>
         <run_address>0x82a3a</run_address>
         <size>0xa</size>
         <input_file_ref idref="fl-3"/>
      </object_component>
      <object_component id="oc-210">
         <name>.text:CANA0_ISR</name>
         <load_address>0x82a44</load_address>
         <run_address>0x82a44</run_address>
         <size>0xa</size>
         <input_file_ref idref="fl-3"/>
      </object_component>
      <object_component id="oc-216">
         <name>.text:CANA1_ISR</name>
         <load_address>0x82a4e</load_address>
         <run_address>0x82a4e</run_address>
         <size>0xa</size>
         <input_file_ref idref="fl-3"/>
      </object_component>
      <object_component id="oc-1a4">
         <name>.text:CLB1_ISR</name>
         <load_address>0x82a58</load_address>
         <run_address>0x82a58</run_address>
         <size>0xa</size>
         <input_file_ref idref="fl-3"/>
      </object_component>
      <object_component id="oc-1aa">
         <name>.text:CLB2_ISR</name>
         <load_address>0x82a62</load_address>
         <run_address>0x82a62</run_address>
         <size>0xa</size>
         <input_file_ref idref="fl-3"/>
      </object_component>
      <object_component id="oc-a8">
         <name>.text:DATALOG_ISR</name>
         <load_address>0x82a6c</load_address>
         <run_address>0x82a6c</run_address>
         <size>0xa</size>
         <input_file_ref idref="fl-3"/>
      </object_component>
      <object_component id="oc-27c">
         <name>.text:DCC0_ISR</name>
         <load_address>0x82a76</load_address>
         <run_address>0x82a76</run_address>
         <size>0xa</size>
         <input_file_ref idref="fl-3"/>
      </object_component>
      <object_component id="oc-2a0">
         <name>.text:DCC1_ISR</name>
         <load_address>0x82a80</load_address>
         <run_address>0x82a80</run_address>
         <size>0xa</size>
         <input_file_ref idref="fl-3"/>
      </object_component>
      <object_component id="oc-1c8">
         <name>.text:DMA_CH1_ISR</name>
         <load_address>0x82a8a</load_address>
         <run_address>0x82a8a</run_address>
         <size>0xa</size>
         <input_file_ref idref="fl-3"/>
      </object_component>
      <object_component id="oc-1ce">
         <name>.text:DMA_CH2_ISR</name>
         <load_address>0x82a94</load_address>
         <run_address>0x82a94</run_address>
         <size>0xa</size>
         <input_file_ref idref="fl-3"/>
      </object_component>
      <object_component id="oc-1d4">
         <name>.text:DMA_CH3_ISR</name>
         <load_address>0x82a9e</load_address>
         <run_address>0x82a9e</run_address>
         <size>0xa</size>
         <input_file_ref idref="fl-3"/>
      </object_component>
      <object_component id="oc-1da">
         <name>.text:DMA_CH4_ISR</name>
         <load_address>0x82aa8</load_address>
         <run_address>0x82aa8</run_address>
         <size>0xa</size>
         <input_file_ref idref="fl-3"/>
      </object_component>
      <object_component id="oc-1e0">
         <name>.text:DMA_CH5_ISR</name>
         <load_address>0x82ab2</load_address>
         <run_address>0x82ab2</run_address>
         <size>0xa</size>
         <input_file_ref idref="fl-3"/>
      </object_component>
      <object_component id="oc-1e6">
         <name>.text:DMA_CH6_ISR</name>
         <load_address>0x82abc</load_address>
         <run_address>0x82abc</run_address>
         <size>0xa</size>
         <input_file_ref idref="fl-3"/>
      </object_component>
      <object_component id="oc-186">
         <name>.text:ECAP1_ISR</name>
         <load_address>0x82ac6</load_address>
         <run_address>0x82ac6</run_address>
         <size>0xa</size>
         <input_file_ref idref="fl-3"/>
      </object_component>
      <object_component id="oc-18c">
         <name>.text:ECAP2_ISR</name>
         <load_address>0x82ad0</load_address>
         <run_address>0x82ad0</run_address>
         <size>0xa</size>
         <input_file_ref idref="fl-3"/>
      </object_component>
      <object_component id="oc-25e">
         <name>.text:ECAP3_2_ISR</name>
         <load_address>0x82ada</load_address>
         <run_address>0x82ada</run_address>
         <size>0xa</size>
         <input_file_ref idref="fl-3"/>
      </object_component>
      <object_component id="oc-192">
         <name>.text:ECAP3_ISR</name>
         <load_address>0x82ae4</load_address>
         <run_address>0x82ae4</run_address>
         <size>0xa</size>
         <input_file_ref idref="fl-3"/>
      </object_component>
      <object_component id="oc-b4">
         <name>.text:EMU_ISR</name>
         <load_address>0x82aee</load_address>
         <run_address>0x82aee</run_address>
         <size>0xa</size>
         <input_file_ref idref="fl-3"/>
      </object_component>
      <object_component id="oc-15c">
         <name>.text:EPWM1_ISR</name>
         <load_address>0x82af8</load_address>
         <run_address>0x82af8</run_address>
         <size>0xa</size>
         <input_file_ref idref="fl-3"/>
      </object_component>
      <object_component id="oc-132">
         <name>.text:EPWM1_TZ_ISR</name>
         <load_address>0x82b02</load_address>
         <run_address>0x82b02</run_address>
         <size>0xa</size>
         <input_file_ref idref="fl-3"/>
      </object_component>
      <object_component id="oc-162">
         <name>.text:EPWM2_ISR</name>
         <load_address>0x82b0c</load_address>
         <run_address>0x82b0c</run_address>
         <size>0xa</size>
         <input_file_ref idref="fl-3"/>
      </object_component>
      <object_component id="oc-138">
         <name>.text:EPWM2_TZ_ISR</name>
         <load_address>0x82b16</load_address>
         <run_address>0x82b16</run_address>
         <size>0xa</size>
         <input_file_ref idref="fl-3"/>
      </object_component>
      <object_component id="oc-168">
         <name>.text:EPWM3_ISR</name>
         <load_address>0x82b20</load_address>
         <run_address>0x82b20</run_address>
         <size>0xa</size>
         <input_file_ref idref="fl-3"/>
      </object_component>
      <object_component id="oc-13e">
         <name>.text:EPWM3_TZ_ISR</name>
         <load_address>0x82b2a</load_address>
         <run_address>0x82b2a</run_address>
         <size>0xa</size>
         <input_file_ref idref="fl-3"/>
      </object_component>
      <object_component id="oc-16e">
         <name>.text:EPWM4_ISR</name>
         <load_address>0x82b34</load_address>
         <run_address>0x82b34</run_address>
         <size>0xa</size>
         <input_file_ref idref="fl-3"/>
      </object_component>
      <object_component id="oc-144">
         <name>.text:EPWM4_TZ_ISR</name>
         <load_address>0x82b3e</load_address>
         <run_address>0x82b3e</run_address>
         <size>0xa</size>
         <input_file_ref idref="fl-3"/>
      </object_component>
      <object_component id="oc-174">
         <name>.text:EPWM5_ISR</name>
         <load_address>0x82b48</load_address>
         <run_address>0x82b48</run_address>
         <size>0xa</size>
         <input_file_ref idref="fl-3"/>
      </object_component>
      <object_component id="oc-14a">
         <name>.text:EPWM5_TZ_ISR</name>
         <load_address>0x82b52</load_address>
         <run_address>0x82b52</run_address>
         <size>0xa</size>
         <input_file_ref idref="fl-3"/>
      </object_component>
      <object_component id="oc-17a">
         <name>.text:EPWM6_ISR</name>
         <load_address>0x82b5c</load_address>
         <run_address>0x82b5c</run_address>
         <size>0xa</size>
         <input_file_ref idref="fl-3"/>
      </object_component>
      <object_component id="oc-150">
         <name>.text:EPWM6_TZ_ISR</name>
         <load_address>0x82b66</load_address>
         <run_address>0x82b66</run_address>
         <size>0xa</size>
         <input_file_ref idref="fl-3"/>
      </object_component>
      <object_component id="oc-180">
         <name>.text:EPWM7_ISR</name>
         <load_address>0x82b70</load_address>
         <run_address>0x82b70</run_address>
         <size>0xa</size>
         <input_file_ref idref="fl-3"/>
      </object_component>
      <object_component id="oc-156">
         <name>.text:EPWM7_TZ_ISR</name>
         <load_address>0x82b7a</load_address>
         <run_address>0x82b7a</run_address>
         <size>0xa</size>
         <input_file_ref idref="fl-3"/>
      </object_component>
      <object_component id="oc-198">
         <name>.text:EQEP1_ISR</name>
         <load_address>0x82b84</load_address>
         <run_address>0x82b84</run_address>
         <size>0xa</size>
         <input_file_ref idref="fl-3"/>
      </object_component>
      <object_component id="oc-19e">
         <name>.text:EQEP2_ISR</name>
         <load_address>0x82b8e</load_address>
         <run_address>0x82b8e</run_address>
         <size>0xa</size>
         <input_file_ref idref="fl-3"/>
      </object_component>
      <object_component id="oc-2d0">
         <name>.text:FLASH_CORR_ERR_ISR</name>
         <load_address>0x82b98</load_address>
         <run_address>0x82b98</run_address>
         <size>0xa</size>
         <input_file_ref idref="fl-3"/>
      </object_component>
      <object_component id="oc-24c">
         <name>.text:FMC_ISR</name>
         <load_address>0x82ba2</load_address>
         <run_address>0x82ba2</run_address>
         <size>0xa</size>
         <input_file_ref idref="fl-3"/>
      </object_component>
      <object_component id="oc-252">
         <name>.text:FPU_OVERFLOW_ISR</name>
         <load_address>0x82bac</load_address>
         <run_address>0x82bac</run_address>
         <size>0xa</size>
         <input_file_ref idref="fl-3"/>
      </object_component>
      <object_component id="oc-258">
         <name>.text:FPU_UNDERFLOW_ISR</name>
         <load_address>0x82bb6</load_address>
         <run_address>0x82bb6</run_address>
         <size>0xa</size>
         <input_file_ref idref="fl-3"/>
      </object_component>
      <object_component id="oc-270">
         <name>.text:FSIRXA1_ISR</name>
         <load_address>0x82bc0</load_address>
         <run_address>0x82bc0</run_address>
         <size>0xa</size>
         <input_file_ref idref="fl-3"/>
      </object_component>
      <object_component id="oc-276">
         <name>.text:FSIRXA2_ISR</name>
         <load_address>0x82bca</load_address>
         <run_address>0x82bca</run_address>
         <size>0xa</size>
         <input_file_ref idref="fl-3"/>
      </object_component>
      <object_component id="oc-264">
         <name>.text:FSITXA1_ISR</name>
         <load_address>0x82bd4</load_address>
         <run_address>0x82bd4</run_address>
         <size>0xa</size>
         <input_file_ref idref="fl-3"/>
      </object_component>
      <object_component id="oc-26a">
         <name>.text:FSITXA2_ISR</name>
         <load_address>0x82bde</load_address>
         <run_address>0x82bde</run_address>
         <size>0xa</size>
         <input_file_ref idref="fl-3"/>
      </object_component>
      <object_component id="oc-2ac">
         <name>.text:HICA_ISR</name>
         <load_address>0x82be8</load_address>
         <run_address>0x82be8</run_address>
         <size>0xa</size>
         <input_file_ref idref="fl-3"/>
      </object_component>
      <object_component id="oc-1f2">
         <name>.text:I2CA_FIFO_ISR</name>
         <load_address>0x82bf2</load_address>
         <run_address>0x82bf2</run_address>
         <size>0xa</size>
         <input_file_ref idref="fl-3"/>
      </object_component>
      <object_component id="oc-1ec">
         <name>.text:I2CA_ISR</name>
         <load_address>0x82bfc</load_address>
         <run_address>0x82bfc</run_address>
         <size>0xa</size>
         <input_file_ref idref="fl-3"/>
      </object_component>
      <object_component id="oc-1fe">
         <name>.text:I2CB_FIFO_ISR</name>
         <load_address>0x82c06</load_address>
         <run_address>0x82c06</run_address>
         <size>0xa</size>
         <input_file_ref idref="fl-3"/>
      </object_component>
      <object_component id="oc-1f8">
         <name>.text:I2CB_ISR</name>
         <load_address>0x82c10</load_address>
         <run_address>0x82c10</run_address>
         <size>0xa</size>
         <input_file_ref idref="fl-3"/>
      </object_component>
      <object_component id="oc-c0">
         <name>.text:ILLEGAL_ISR</name>
         <load_address>0x82c1a</load_address>
         <run_address>0x82c1a</run_address>
         <size>0xa</size>
         <input_file_ref idref="fl-3"/>
      </object_component>
      <object_component id="oc-282">
         <name>.text:LINA_0_ISR</name>
         <load_address>0x82c24</load_address>
         <run_address>0x82c24</run_address>
         <size>0xa</size>
         <input_file_ref idref="fl-3"/>
      </object_component>
      <object_component id="oc-288">
         <name>.text:LINA_1_ISR</name>
         <load_address>0x82c2e</load_address>
         <run_address>0x82c2e</run_address>
         <size>0xa</size>
         <input_file_ref idref="fl-3"/>
      </object_component>
      <object_component id="oc-28e">
         <name>.text:LINB_0_ISR</name>
         <load_address>0x82c38</load_address>
         <run_address>0x82c38</run_address>
         <size>0xa</size>
         <input_file_ref idref="fl-3"/>
      </object_component>
      <object_component id="oc-294">
         <name>.text:LINB_1_ISR</name>
         <load_address>0x82c42</load_address>
         <run_address>0x82c42</run_address>
         <size>0xa</size>
         <input_file_ref idref="fl-3"/>
      </object_component>
      <object_component id="oc-246">
         <name>.text:MPOST_ISR</name>
         <load_address>0x82c4c</load_address>
         <run_address>0x82c4c</run_address>
         <size>0xa</size>
         <input_file_ref idref="fl-3"/>
      </object_component>
      <object_component id="oc-ba">
         <name>.text:NMI_ISR</name>
         <load_address>0x82c56</load_address>
         <run_address>0x82c56</run_address>
         <size>0xa</size>
         <input_file_ref idref="fl-3"/>
      </object_component>
      <object_component id="oc-2ee">
         <name>.text:NOTUSED_ISR</name>
         <load_address>0x82c60</load_address>
         <run_address>0x82c60</run_address>
         <size>0xa</size>
         <input_file_ref idref="fl-3"/>
      </object_component>
      <object_component id="oc-2e2">
         <name>.text:PIE_RESERVED_ISR</name>
         <load_address>0x82c6a</load_address>
         <run_address>0x82c6a</run_address>
         <size>0xa</size>
         <input_file_ref idref="fl-3"/>
      </object_component>
      <object_component id="oc-29a">
         <name>.text:PMBUSA_ISR</name>
         <load_address>0x82c74</load_address>
         <run_address>0x82c74</run_address>
         <size>0xa</size>
         <input_file_ref idref="fl-3"/>
      </object_component>
      <object_component id="oc-2d6">
         <name>.text:RAM_ACC_VIOL_ISR</name>
         <load_address>0x82c7e</load_address>
         <run_address>0x82c7e</run_address>
         <size>0xa</size>
         <input_file_ref idref="fl-3"/>
      </object_component>
      <object_component id="oc-2ca">
         <name>.text:RAM_CORR_ERR_ISR</name>
         <load_address>0x82c88</load_address>
         <run_address>0x82c88</run_address>
         <size>0xa</size>
         <input_file_ref idref="fl-3"/>
      </object_component>
      <object_component id="oc-ae">
         <name>.text:RTOS_ISR</name>
         <load_address>0x82c92</load_address>
         <run_address>0x82c92</run_address>
         <size>0xa</size>
         <input_file_ref idref="fl-3"/>
      </object_component>
      <object_component id="oc-204">
         <name>.text:SCIA_RX_ISR</name>
         <load_address>0x82c9c</load_address>
         <run_address>0x82c9c</run_address>
         <size>0xa</size>
         <input_file_ref idref="fl-3"/>
      </object_component>
      <object_component id="oc-20a">
         <name>.text:SCIA_TX_ISR</name>
         <load_address>0x82ca6</load_address>
         <run_address>0x82ca6</run_address>
         <size>0xa</size>
         <input_file_ref idref="fl-3"/>
      </object_component>
      <object_component id="oc-1b0">
         <name>.text:SPIA_RX_ISR</name>
         <load_address>0x82cb0</load_address>
         <run_address>0x82cb0</run_address>
         <size>0xa</size>
         <input_file_ref idref="fl-3"/>
      </object_component>
      <object_component id="oc-1b6">
         <name>.text:SPIA_TX_ISR</name>
         <load_address>0x82cba</load_address>
         <run_address>0x82cba</run_address>
         <size>0xa</size>
         <input_file_ref idref="fl-3"/>
      </object_component>
      <object_component id="oc-1bc">
         <name>.text:SPIB_RX_ISR</name>
         <load_address>0x82cc4</load_address>
         <run_address>0x82cc4</run_address>
         <size>0xa</size>
         <input_file_ref idref="fl-3"/>
      </object_component>
      <object_component id="oc-1c2">
         <name>.text:SPIB_TX_ISR</name>
         <load_address>0x82cce</load_address>
         <run_address>0x82cce</run_address>
         <size>0xa</size>
         <input_file_ref idref="fl-3"/>
      </object_component>
      <object_component id="oc-2dc">
         <name>.text:SYS_PLL_SLIP_ISR</name>
         <load_address>0x82cd8</load_address>
         <run_address>0x82cd8</run_address>
         <size>0xa</size>
         <input_file_ref idref="fl-3"/>
      </object_component>
      <object_component id="oc-126">
         <name>.text:TIMER0_ISR</name>
         <load_address>0x82ce2</load_address>
         <run_address>0x82ce2</run_address>
         <size>0xa</size>
         <input_file_ref idref="fl-3"/>
      </object_component>
      <object_component id="oc-99">
         <name>.text:TIMER1_ISR</name>
         <load_address>0x82cec</load_address>
         <run_address>0x82cec</run_address>
         <size>0xa</size>
         <input_file_ref idref="fl-3"/>
      </object_component>
      <object_component id="oc-a2">
         <name>.text:TIMER2_ISR</name>
         <load_address>0x82cf6</load_address>
         <run_address>0x82cf6</run_address>
         <size>0xa</size>
         <input_file_ref idref="fl-3"/>
      </object_component>
      <object_component id="oc-fc">
         <name>.text:USER10_ISR</name>
         <load_address>0x82d00</load_address>
         <run_address>0x82d00</run_address>
         <size>0xa</size>
         <input_file_ref idref="fl-3"/>
      </object_component>
      <object_component id="oc-102">
         <name>.text:USER11_ISR</name>
         <load_address>0x82d0a</load_address>
         <run_address>0x82d0a</run_address>
         <size>0xa</size>
         <input_file_ref idref="fl-3"/>
      </object_component>
      <object_component id="oc-108">
         <name>.text:USER12_ISR</name>
         <load_address>0x82d14</load_address>
         <run_address>0x82d14</run_address>
         <size>0xa</size>
         <input_file_ref idref="fl-3"/>
      </object_component>
      <object_component id="oc-c6">
         <name>.text:USER1_ISR</name>
         <load_address>0x82d1e</load_address>
         <run_address>0x82d1e</run_address>
         <size>0xa</size>
         <input_file_ref idref="fl-3"/>
      </object_component>
      <object_component id="oc-cc">
         <name>.text:USER2_ISR</name>
         <load_address>0x82d28</load_address>
         <run_address>0x82d28</run_address>
         <size>0xa</size>
         <input_file_ref idref="fl-3"/>
      </object_component>
      <object_component id="oc-d2">
         <name>.text:USER3_ISR</name>
         <load_address>0x82d32</load_address>
         <run_address>0x82d32</run_address>
         <size>0xa</size>
         <input_file_ref idref="fl-3"/>
      </object_component>
      <object_component id="oc-d8">
         <name>.text:USER4_ISR</name>
         <load_address>0x82d3c</load_address>
         <run_address>0x82d3c</run_address>
         <size>0xa</size>
         <input_file_ref idref="fl-3"/>
      </object_component>
      <object_component id="oc-de">
         <name>.text:USER5_ISR</name>
         <load_address>0x82d46</load_address>
         <run_address>0x82d46</run_address>
         <size>0xa</size>
         <input_file_ref idref="fl-3"/>
      </object_component>
      <object_component id="oc-e4">
         <name>.text:USER6_ISR</name>
         <load_address>0x82d50</load_address>
         <run_address>0x82d50</run_address>
         <size>0xa</size>
         <input_file_ref idref="fl-3"/>
      </object_component>
      <object_component id="oc-ea">
         <name>.text:USER7_ISR</name>
         <load_address>0x82d5a</load_address>
         <run_address>0x82d5a</run_address>
         <size>0xa</size>
         <input_file_ref idref="fl-3"/>
      </object_component>
      <object_component id="oc-f0">
         <name>.text:USER8_ISR</name>
         <load_address>0x82d64</load_address>
         <run_address>0x82d64</run_address>
         <size>0xa</size>
         <input_file_ref idref="fl-3"/>
      </object_component>
      <object_component id="oc-f6">
         <name>.text:USER9_ISR</name>
         <load_address>0x82d6e</load_address>
         <run_address>0x82d6e</run_address>
         <size>0xa</size>
         <input_file_ref idref="fl-3"/>
      </object_component>
      <object_component id="oc-12c">
         <name>.text:WAKE_ISR</name>
         <load_address>0x82d78</load_address>
         <run_address>0x82d78</run_address>
         <size>0xa</size>
         <input_file_ref idref="fl-3"/>
      </object_component>
      <object_component id="oc-11a">
         <name>.text:XINT1_ISR</name>
         <load_address>0x82d82</load_address>
         <run_address>0x82d82</run_address>
         <size>0xa</size>
         <input_file_ref idref="fl-3"/>
      </object_component>
      <object_component id="oc-120">
         <name>.text:XINT2_ISR</name>
         <load_address>0x82d8c</load_address>
         <run_address>0x82d8c</run_address>
         <size>0xa</size>
         <input_file_ref idref="fl-3"/>
      </object_component>
      <object_component id="oc-234">
         <name>.text:XINT3_ISR</name>
         <load_address>0x82d96</load_address>
         <run_address>0x82d96</run_address>
         <size>0xa</size>
         <input_file_ref idref="fl-3"/>
      </object_component>
      <object_component id="oc-23a">
         <name>.text:XINT4_ISR</name>
         <load_address>0x82da0</load_address>
         <run_address>0x82da0</run_address>
         <size>0xa</size>
         <input_file_ref idref="fl-3"/>
      </object_component>
      <object_component id="oc-240">
         <name>.text:XINT5_ISR</name>
         <load_address>0x82daa</load_address>
         <run_address>0x82daa</run_address>
         <size>0xa</size>
         <input_file_ref idref="fl-3"/>
      </object_component>
      <object_component id="oc-49e">
         <name>.text:SysIntOsc1Sel</name>
         <load_address>0x82db4</load_address>
         <run_address>0x82db4</run_address>
         <size>0x9</size>
         <input_file_ref idref="fl-8"/>
      </object_component>
      <object_component id="oc-554">
         <name>.text</name>
         <load_address>0x82dbd</load_address>
         <run_address>0x82dbd</run_address>
         <size>0x9</size>
         <input_file_ref idref="fl-29"/>
      </object_component>
      <object_component id="oc-87">
         <name>.text:decompress:none</name>
         <load_address>0x82dc6</load_address>
         <run_address>0x82dc6</run_address>
         <size>0x8</size>
         <input_file_ref idref="fl-26"/>
      </object_component>
      <object_component id="oc-317">
         <name>.text</name>
         <load_address>0x82dce</load_address>
         <run_address>0x82dce</run_address>
         <size>0x8</size>
         <input_file_ref idref="fl-2"/>
      </object_component>
      <object_component id="oc-4a4">
         <name>.text:SysIntOsc2Sel</name>
         <load_address>0x82dd6</load_address>
         <run_address>0x82dd6</run_address>
         <size>0x7</size>
         <input_file_ref idref="fl-8"/>
      </object_component>
      <object_component id="oc-477">
         <name>.text</name>
         <load_address>0x82ddd</load_address>
         <run_address>0x82ddd</run_address>
         <size>0x2</size>
         <input_file_ref idref="fl-23"/>
      </object_component>
      <object_component id="oc-53a">
         <name>.text</name>
         <load_address>0x82ddf</load_address>
         <run_address>0x82ddf</run_address>
         <size>0x1</size>
         <input_file_ref idref="fl-2d"/>
      </object_component>
      <object_component id="oc-612">
         <name>.cinit..data.load</name>
         <load_address>0x81200</load_address>
         <run_address>0x81200</run_address>
         <size>0x2c</size>
      </object_component>
      <object_component id="oc-60f">
         <name>__TI_handler_table</name>
         <load_address>0x8122c</load_address>
         <run_address>0x8122c</run_address>
         <size>0x6</size>
      </object_component>
      <object_component id="oc-611">
         <name>.cinit..bss.load</name>
         <load_address>0x81232</load_address>
         <run_address>0x81232</run_address>
         <size>0x4</size>
      </object_component>
      <object_component id="oc-613">
         <name>.cinit.PieVectTableFile.load</name>
         <load_address>0x81236</load_address>
         <run_address>0x81236</run_address>
         <size>0x4</size>
      </object_component>
      <object_component id="oc-610">
         <name>__TI_cinit_table</name>
         <load_address>0x8123a</load_address>
         <run_address>0x8123a</run_address>
         <size>0xc</size>
      </object_component>
      <object_component id="oc-300">
         <name>.stack</name>
         <uninitialized>true</uninitialized>
         <run_address>0x400</run_address>
         <size>0x0</size>
         <input_file_ref idref="fl-20"/>
      </object_component>
      <object_component id="oc-614">
         <name>.stack</name>
         <uninitialized>true</uninitialized>
         <run_address>0x400</run_address>
         <size>0x0</size>
      </object_component>
      <object_component id="oc-3f8">
         <name>.bss</name>
         <uninitialized>true</uninitialized>
         <run_address>0xa000</run_address>
         <size>0x5</size>
         <input_file_ref idref="fl-f"/>
      </object_component>
      <object_component id="oc-9f">
         <name>.const</name>
         <load_address>0x81000</load_address>
         <run_address>0x81000</run_address>
         <size>0x1c0</size>
         <input_file_ref idref="fl-7"/>
      </object_component>
      <object_component id="oc-452">
         <name>.const:canBitValues</name>
         <load_address>0x811c0</load_address>
         <run_address>0x811c0</run_address>
         <size>0x9</size>
         <input_file_ref idref="fl-b"/>
      </object_component>
      <object_component id="oc-385">
         <name>.data</name>
         <load_address>0xa006</load_address>
         <run_address>0xa006</run_address>
         <size>0xa</size>
         <input_file_ref idref="fl-f"/>
      </object_component>
      <object_component id="oc-423">
         <name>.data:ucRXMsgData</name>
         <load_address>0xa040</load_address>
         <run_address>0xa040</run_address>
         <size>0x8</size>
         <input_file_ref idref="fl-f"/>
      </object_component>
      <object_component id="oc-3da">
         <name>.data:message1</name>
         <load_address>0xa010</load_address>
         <run_address>0xa010</run_address>
         <size>0x8</size>
         <input_file_ref idref="fl-f"/>
      </object_component>
      <object_component id="oc-3e3">
         <name>.data:message2</name>
         <load_address>0xa020</load_address>
         <run_address>0xa020</run_address>
         <size>0x8</size>
         <input_file_ref idref="fl-f"/>
      </object_component>
      <object_component id="oc-3e6">
         <name>.data:message3</name>
         <load_address>0xa028</load_address>
         <run_address>0xa028</run_address>
         <size>0x8</size>
         <input_file_ref idref="fl-f"/>
      </object_component>
      <object_component id="oc-3e9">
         <name>.data:message4</name>
         <load_address>0xa030</load_address>
         <run_address>0xa030</run_address>
         <size>0x8</size>
         <input_file_ref idref="fl-f"/>
      </object_component>
      <object_component id="oc-3ec">
         <name>.data:message5</name>
         <load_address>0xa038</load_address>
         <run_address>0xa038</run_address>
         <size>0x8</size>
         <input_file_ref idref="fl-f"/>
      </object_component>
      <object_component id="oc-3ef">
         <name>.data:message1_tx</name>
         <load_address>0xa018</load_address>
         <run_address>0xa018</run_address>
         <size>0x8</size>
         <input_file_ref idref="fl-f"/>
      </object_component>
      <object_component id="oc-50b">
         <name>.data</name>
         <load_address>0xa048</load_address>
         <run_address>0xa048</run_address>
         <size>0x6</size>
         <input_file_ref idref="fl-28"/>
      </object_component>
      <object_component id="oc-50e">
         <name>.data:_lock</name>
         <load_address>0xa04e</load_address>
         <run_address>0xa04e</run_address>
         <size>0x2</size>
         <input_file_ref idref="fl-29"/>
      </object_component>
      <object_component id="oc-56e">
         <name>.data:_unlock</name>
         <load_address>0xa050</load_address>
         <run_address>0xa050</run_address>
         <size>0x2</size>
         <input_file_ref idref="fl-29"/>
      </object_component>
      <object_component id="oc-431">
         <name>.TI.ramfunc:InitFlash</name>
         <load_address>0x811d0</load_address>
         <run_address>0xc000</run_address>
         <size>0x25</size>
         <input_file_ref idref="fl-8"/>
      </object_component>
      <object_component id="oc-3d5">
         <name>.TI.ramfunc</name>
         <load_address>0x811f5</load_address>
         <run_address>0xc025</run_address>
         <size>0x4</size>
         <input_file_ref idref="fl-9"/>
      </object_component>
      <object_component id="oc-3f2">
         <name>PieVectTableFile</name>
         <uninitialized>true</uninitialized>
         <run_address>0xd00</run_address>
         <size>0x1c0</size>
         <input_file_ref idref="fl-4"/>
      </object_component>
      <object_component id="oc-388">
         <name>CanaRegsFile</name>
         <uninitialized>true</uninitialized>
         <run_address>0x48000</run_address>
         <size>0x164</size>
         <input_file_ref idref="fl-4"/>
      </object_component>
      <object_component id="oc-3f5">
         <name>ClkCfgRegsFile</name>
         <uninitialized>true</uninitialized>
         <run_address>0x5d200</run_address>
         <size>0x3e</size>
         <input_file_ref idref="fl-4"/>
      </object_component>
      <object_component id="oc-4bd">
         <name>CpuSysRegsFile</name>
         <uninitialized>true</uninitialized>
         <run_address>0x5d300</run_address>
         <size>0x82</size>
         <input_file_ref idref="fl-4"/>
      </object_component>
      <object_component id="oc-523">
         <name>Dcc0RegsFile</name>
         <uninitialized>true</uninitialized>
         <run_address>0x5e700</run_address>
         <size>0x2c</size>
         <input_file_ref idref="fl-4"/>
      </object_component>
      <object_component id="oc-526">
         <name>Dcc1RegsFile</name>
         <uninitialized>true</uninitialized>
         <run_address>0x5e740</run_address>
         <size>0x2c</size>
         <input_file_ref idref="fl-4"/>
      </object_component>
      <object_component id="oc-497">
         <name>Flash0CtrlRegsFile</name>
         <uninitialized>true</uninitialized>
         <run_address>0x5f800</run_address>
         <size>0x182</size>
         <input_file_ref idref="fl-4"/>
      </object_component>
      <object_component id="oc-49a">
         <name>Flash0EccRegsFile</name>
         <uninitialized>true</uninitialized>
         <run_address>0x5fb00</run_address>
         <size>0x28</size>
         <input_file_ref idref="fl-4"/>
      </object_component>
      <object_component id="oc-445">
         <name>GpioCtrlRegsFile</name>
         <uninitialized>true</uninitialized>
         <run_address>0x7c00</run_address>
         <size>0x200</size>
         <input_file_ref idref="fl-4"/>
      </object_component>
      <object_component id="oc-38b">
         <name>GpioDataRegsFile</name>
         <uninitialized>true</uninitialized>
         <run_address>0x7f00</run_address>
         <size>0x3a</size>
         <input_file_ref idref="fl-4"/>
      </object_component>
      <object_component id="oc-38e">
         <name>PieCtrlRegsFile</name>
         <uninitialized>true</uninitialized>
         <run_address>0xce0</run_address>
         <size>0x1a</size>
         <input_file_ref idref="fl-4"/>
      </object_component>
      <object_component id="oc-493">
         <name>WdRegsFile</name>
         <uninitialized>true</uninitialized>
         <run_address>0x7000</run_address>
         <size>0x2b</size>
         <input_file_ref idref="fl-4"/>
      </object_component>
      <object_component id="oc-90">
         <name>.debug_info</name>
         <load_address>0x0</load_address>
         <run_address>0x0</run_address>
         <size>0xfd</size>
         <input_file_ref idref="fl-2"/>
      </object_component>
      <object_component id="oc-318">
         <name>.debug_info</name>
         <load_address>0xfd</load_address>
         <run_address>0xfd</run_address>
         <size>0xfe</size>
         <input_file_ref idref="fl-2"/>
      </object_component>
      <object_component id="oc-9a">
         <name>.debug_info</name>
         <load_address>0x1fb</load_address>
         <run_address>0x1fb</run_address>
         <size>0x10e</size>
         <input_file_ref idref="fl-3"/>
      </object_component>
      <object_component id="oc-a3">
         <name>.debug_info</name>
         <load_address>0x309</load_address>
         <run_address>0x309</run_address>
         <size>0x10e</size>
         <input_file_ref idref="fl-3"/>
      </object_component>
      <object_component id="oc-a9">
         <name>.debug_info</name>
         <load_address>0x417</load_address>
         <run_address>0x417</run_address>
         <size>0x110</size>
         <input_file_ref idref="fl-3"/>
      </object_component>
      <object_component id="oc-af">
         <name>.debug_info</name>
         <load_address>0x527</load_address>
         <run_address>0x527</run_address>
         <size>0x10a</size>
         <input_file_ref idref="fl-3"/>
      </object_component>
      <object_component id="oc-b5">
         <name>.debug_info</name>
         <load_address>0x631</load_address>
         <run_address>0x631</run_address>
         <size>0x108</size>
         <input_file_ref idref="fl-3"/>
      </object_component>
      <object_component id="oc-bb">
         <name>.debug_info</name>
         <load_address>0x739</load_address>
         <run_address>0x739</run_address>
         <size>0x108</size>
         <input_file_ref idref="fl-3"/>
      </object_component>
      <object_component id="oc-c1">
         <name>.debug_info</name>
         <load_address>0x841</load_address>
         <run_address>0x841</run_address>
         <size>0x110</size>
         <input_file_ref idref="fl-3"/>
      </object_component>
      <object_component id="oc-c7">
         <name>.debug_info</name>
         <load_address>0x951</load_address>
         <run_address>0x951</run_address>
         <size>0x10c</size>
         <input_file_ref idref="fl-3"/>
      </object_component>
      <object_component id="oc-cd">
         <name>.debug_info</name>
         <load_address>0xa5d</load_address>
         <run_address>0xa5d</run_address>
         <size>0x10c</size>
         <input_file_ref idref="fl-3"/>
      </object_component>
      <object_component id="oc-d3">
         <name>.debug_info</name>
         <load_address>0xb69</load_address>
         <run_address>0xb69</run_address>
         <size>0x10c</size>
         <input_file_ref idref="fl-3"/>
      </object_component>
      <object_component id="oc-d9">
         <name>.debug_info</name>
         <load_address>0xc75</load_address>
         <run_address>0xc75</run_address>
         <size>0x10c</size>
         <input_file_ref idref="fl-3"/>
      </object_component>
      <object_component id="oc-df">
         <name>.debug_info</name>
         <load_address>0xd81</load_address>
         <run_address>0xd81</run_address>
         <size>0x10c</size>
         <input_file_ref idref="fl-3"/>
      </object_component>
      <object_component id="oc-e5">
         <name>.debug_info</name>
         <load_address>0xe8d</load_address>
         <run_address>0xe8d</run_address>
         <size>0x10d</size>
         <input_file_ref idref="fl-3"/>
      </object_component>
      <object_component id="oc-eb">
         <name>.debug_info</name>
         <load_address>0xf9a</load_address>
         <run_address>0xf9a</run_address>
         <size>0x10e</size>
         <input_file_ref idref="fl-3"/>
      </object_component>
      <object_component id="oc-f1">
         <name>.debug_info</name>
         <load_address>0x10a8</load_address>
         <run_address>0x10a8</run_address>
         <size>0x10e</size>
         <input_file_ref idref="fl-3"/>
      </object_component>
      <object_component id="oc-f7">
         <name>.debug_info</name>
         <load_address>0x11b6</load_address>
         <run_address>0x11b6</run_address>
         <size>0x10e</size>
         <input_file_ref idref="fl-3"/>
      </object_component>
      <object_component id="oc-fd">
         <name>.debug_info</name>
         <load_address>0x12c4</load_address>
         <run_address>0x12c4</run_address>
         <size>0x110</size>
         <input_file_ref idref="fl-3"/>
      </object_component>
      <object_component id="oc-103">
         <name>.debug_info</name>
         <load_address>0x13d4</load_address>
         <run_address>0x13d4</run_address>
         <size>0x110</size>
         <input_file_ref idref="fl-3"/>
      </object_component>
      <object_component id="oc-109">
         <name>.debug_info</name>
         <load_address>0x14e4</load_address>
         <run_address>0x14e4</run_address>
         <size>0x110</size>
         <input_file_ref idref="fl-3"/>
      </object_component>
      <object_component id="oc-10f">
         <name>.debug_info</name>
         <load_address>0x15f4</load_address>
         <run_address>0x15f4</run_address>
         <size>0x10e</size>
         <input_file_ref idref="fl-3"/>
      </object_component>
      <object_component id="oc-115">
         <name>.debug_info</name>
         <load_address>0x1702</load_address>
         <run_address>0x1702</run_address>
         <size>0x10e</size>
         <input_file_ref idref="fl-3"/>
      </object_component>
      <object_component id="oc-11b">
         <name>.debug_info</name>
         <load_address>0x1810</load_address>
         <run_address>0x1810</run_address>
         <size>0x10e</size>
         <input_file_ref idref="fl-3"/>
      </object_component>
      <object_component id="oc-121">
         <name>.debug_info</name>
         <load_address>0x191e</load_address>
         <run_address>0x191e</run_address>
         <size>0x10e</size>
         <input_file_ref idref="fl-3"/>
      </object_component>
      <object_component id="oc-127">
         <name>.debug_info</name>
         <load_address>0x1a2c</load_address>
         <run_address>0x1a2c</run_address>
         <size>0x110</size>
         <input_file_ref idref="fl-3"/>
      </object_component>
      <object_component id="oc-12d">
         <name>.debug_info</name>
         <load_address>0x1b3c</load_address>
         <run_address>0x1b3c</run_address>
         <size>0x10c</size>
         <input_file_ref idref="fl-3"/>
      </object_component>
      <object_component id="oc-133">
         <name>.debug_info</name>
         <load_address>0x1c48</load_address>
         <run_address>0x1c48</run_address>
         <size>0x114</size>
         <input_file_ref idref="fl-3"/>
      </object_component>
      <object_component id="oc-139">
         <name>.debug_info</name>
         <load_address>0x1d5c</load_address>
         <run_address>0x1d5c</run_address>
         <size>0x114</size>
         <input_file_ref idref="fl-3"/>
      </object_component>
      <object_component id="oc-13f">
         <name>.debug_info</name>
         <load_address>0x1e70</load_address>
         <run_address>0x1e70</run_address>
         <size>0x114</size>
         <input_file_ref idref="fl-3"/>
      </object_component>
      <object_component id="oc-145">
         <name>.debug_info</name>
         <load_address>0x1f84</load_address>
         <run_address>0x1f84</run_address>
         <size>0x114</size>
         <input_file_ref idref="fl-3"/>
      </object_component>
      <object_component id="oc-14b">
         <name>.debug_info</name>
         <load_address>0x2098</load_address>
         <run_address>0x2098</run_address>
         <size>0x114</size>
         <input_file_ref idref="fl-3"/>
      </object_component>
      <object_component id="oc-151">
         <name>.debug_info</name>
         <load_address>0x21ac</load_address>
         <run_address>0x21ac</run_address>
         <size>0x114</size>
         <input_file_ref idref="fl-3"/>
      </object_component>
      <object_component id="oc-157">
         <name>.debug_info</name>
         <load_address>0x22c0</load_address>
         <run_address>0x22c0</run_address>
         <size>0x114</size>
         <input_file_ref idref="fl-3"/>
      </object_component>
      <object_component id="oc-15d">
         <name>.debug_info</name>
         <load_address>0x23d4</load_address>
         <run_address>0x23d4</run_address>
         <size>0x10e</size>
         <input_file_ref idref="fl-3"/>
      </object_component>
      <object_component id="oc-163">
         <name>.debug_info</name>
         <load_address>0x24e2</load_address>
         <run_address>0x24e2</run_address>
         <size>0x10e</size>
         <input_file_ref idref="fl-3"/>
      </object_component>
      <object_component id="oc-169">
         <name>.debug_info</name>
         <load_address>0x25f0</load_address>
         <run_address>0x25f0</run_address>
         <size>0x10e</size>
         <input_file_ref idref="fl-3"/>
      </object_component>
      <object_component id="oc-16f">
         <name>.debug_info</name>
         <load_address>0x26fe</load_address>
         <run_address>0x26fe</run_address>
         <size>0x10e</size>
         <input_file_ref idref="fl-3"/>
      </object_component>
      <object_component id="oc-175">
         <name>.debug_info</name>
         <load_address>0x280c</load_address>
         <run_address>0x280c</run_address>
         <size>0x10e</size>
         <input_file_ref idref="fl-3"/>
      </object_component>
      <object_component id="oc-17b">
         <name>.debug_info</name>
         <load_address>0x291a</load_address>
         <run_address>0x291a</run_address>
         <size>0x10e</size>
         <input_file_ref idref="fl-3"/>
      </object_component>
      <object_component id="oc-181">
         <name>.debug_info</name>
         <load_address>0x2a28</load_address>
         <run_address>0x2a28</run_address>
         <size>0x10e</size>
         <input_file_ref idref="fl-3"/>
      </object_component>
      <object_component id="oc-187">
         <name>.debug_info</name>
         <load_address>0x2b36</load_address>
         <run_address>0x2b36</run_address>
         <size>0x10e</size>
         <input_file_ref idref="fl-3"/>
      </object_component>
      <object_component id="oc-18d">
         <name>.debug_info</name>
         <load_address>0x2c44</load_address>
         <run_address>0x2c44</run_address>
         <size>0x10e</size>
         <input_file_ref idref="fl-3"/>
      </object_component>
      <object_component id="oc-193">
         <name>.debug_info</name>
         <load_address>0x2d52</load_address>
         <run_address>0x2d52</run_address>
         <size>0x10e</size>
         <input_file_ref idref="fl-3"/>
      </object_component>
      <object_component id="oc-199">
         <name>.debug_info</name>
         <load_address>0x2e60</load_address>
         <run_address>0x2e60</run_address>
         <size>0x10e</size>
         <input_file_ref idref="fl-3"/>
      </object_component>
      <object_component id="oc-19f">
         <name>.debug_info</name>
         <load_address>0x2f6e</load_address>
         <run_address>0x2f6e</run_address>
         <size>0x10e</size>
         <input_file_ref idref="fl-3"/>
      </object_component>
      <object_component id="oc-1a5">
         <name>.debug_info</name>
         <load_address>0x307c</load_address>
         <run_address>0x307c</run_address>
         <size>0x10c</size>
         <input_file_ref idref="fl-3"/>
      </object_component>
      <object_component id="oc-1ab">
         <name>.debug_info</name>
         <load_address>0x3188</load_address>
         <run_address>0x3188</run_address>
         <size>0x10c</size>
         <input_file_ref idref="fl-3"/>
      </object_component>
      <object_component id="oc-1b1">
         <name>.debug_info</name>
         <load_address>0x3294</load_address>
         <run_address>0x3294</run_address>
         <size>0x112</size>
         <input_file_ref idref="fl-3"/>
      </object_component>
      <object_component id="oc-1b7">
         <name>.debug_info</name>
         <load_address>0x33a6</load_address>
         <run_address>0x33a6</run_address>
         <size>0x112</size>
         <input_file_ref idref="fl-3"/>
      </object_component>
      <object_component id="oc-1bd">
         <name>.debug_info</name>
         <load_address>0x34b8</load_address>
         <run_address>0x34b8</run_address>
         <size>0x112</size>
         <input_file_ref idref="fl-3"/>
      </object_component>
      <object_component id="oc-1c3">
         <name>.debug_info</name>
         <load_address>0x35ca</load_address>
         <run_address>0x35ca</run_address>
         <size>0x112</size>
         <input_file_ref idref="fl-3"/>
      </object_component>
      <object_component id="oc-1c9">
         <name>.debug_info</name>
         <load_address>0x36dc</load_address>
         <run_address>0x36dc</run_address>
         <size>0x112</size>
         <input_file_ref idref="fl-3"/>
      </object_component>
      <object_component id="oc-1cf">
         <name>.debug_info</name>
         <load_address>0x37ee</load_address>
         <run_address>0x37ee</run_address>
         <size>0x112</size>
         <input_file_ref idref="fl-3"/>
      </object_component>
      <object_component id="oc-1d5">
         <name>.debug_info</name>
         <load_address>0x3900</load_address>
         <run_address>0x3900</run_address>
         <size>0x112</size>
         <input_file_ref idref="fl-3"/>
      </object_component>
      <object_component id="oc-1db">
         <name>.debug_info</name>
         <load_address>0x3a12</load_address>
         <run_address>0x3a12</run_address>
         <size>0x112</size>
         <input_file_ref idref="fl-3"/>
      </object_component>
      <object_component id="oc-1e1">
         <name>.debug_info</name>
         <load_address>0x3b24</load_address>
         <run_address>0x3b24</run_address>
         <size>0x112</size>
         <input_file_ref idref="fl-3"/>
      </object_component>
      <object_component id="oc-1e7">
         <name>.debug_info</name>
         <load_address>0x3c36</load_address>
         <run_address>0x3c36</run_address>
         <size>0x112</size>
         <input_file_ref idref="fl-3"/>
      </object_component>
      <object_component id="oc-1ed">
         <name>.debug_info</name>
         <load_address>0x3d48</load_address>
         <run_address>0x3d48</run_address>
         <size>0x10c</size>
         <input_file_ref idref="fl-3"/>
      </object_component>
      <object_component id="oc-1f3">
         <name>.debug_info</name>
         <load_address>0x3e54</load_address>
         <run_address>0x3e54</run_address>
         <size>0x116</size>
         <input_file_ref idref="fl-3"/>
      </object_component>
      <object_component id="oc-1f9">
         <name>.debug_info</name>
         <load_address>0x3f6a</load_address>
         <run_address>0x3f6a</run_address>
         <size>0x10c</size>
         <input_file_ref idref="fl-3"/>
      </object_component>
      <object_component id="oc-1ff">
         <name>.debug_info</name>
         <load_address>0x4076</load_address>
         <run_address>0x4076</run_address>
         <size>0x116</size>
         <input_file_ref idref="fl-3"/>
      </object_component>
      <object_component id="oc-205">
         <name>.debug_info</name>
         <load_address>0x418c</load_address>
         <run_address>0x418c</run_address>
         <size>0x112</size>
         <input_file_ref idref="fl-3"/>
      </object_component>
      <object_component id="oc-20b">
         <name>.debug_info</name>
         <load_address>0x429e</load_address>
         <run_address>0x429e</run_address>
         <size>0x112</size>
         <input_file_ref idref="fl-3"/>
      </object_component>
      <object_component id="oc-211">
         <name>.debug_info</name>
         <load_address>0x43b0</load_address>
         <run_address>0x43b0</run_address>
         <size>0x10e</size>
         <input_file_ref idref="fl-3"/>
      </object_component>
      <object_component id="oc-217">
         <name>.debug_info</name>
         <load_address>0x44be</load_address>
         <run_address>0x44be</run_address>
         <size>0x10e</size>
         <input_file_ref idref="fl-3"/>
      </object_component>
      <object_component id="oc-21d">
         <name>.debug_info</name>
         <load_address>0x45cc</load_address>
         <run_address>0x45cc</run_address>
         <size>0x114</size>
         <input_file_ref idref="fl-3"/>
      </object_component>
      <object_component id="oc-223">
         <name>.debug_info</name>
         <load_address>0x46e0</load_address>
         <run_address>0x46e0</run_address>
         <size>0x10e</size>
         <input_file_ref idref="fl-3"/>
      </object_component>
      <object_component id="oc-229">
         <name>.debug_info</name>
         <load_address>0x47ee</load_address>
         <run_address>0x47ee</run_address>
         <size>0x10e</size>
         <input_file_ref idref="fl-3"/>
      </object_component>
      <object_component id="oc-22f">
         <name>.debug_info</name>
         <load_address>0x48fc</load_address>
         <run_address>0x48fc</run_address>
         <size>0x10e</size>
         <input_file_ref idref="fl-3"/>
      </object_component>
      <object_component id="oc-235">
         <name>.debug_info</name>
         <load_address>0x4a0a</load_address>
         <run_address>0x4a0a</run_address>
         <size>0x10e</size>
         <input_file_ref idref="fl-3"/>
      </object_component>
      <object_component id="oc-23b">
         <name>.debug_info</name>
         <load_address>0x4b18</load_address>
         <run_address>0x4b18</run_address>
         <size>0x10e</size>
         <input_file_ref idref="fl-3"/>
      </object_component>
      <object_component id="oc-241">
         <name>.debug_info</name>
         <load_address>0x4c26</load_address>
         <run_address>0x4c26</run_address>
         <size>0x10e</size>
         <input_file_ref idref="fl-3"/>
      </object_component>
      <object_component id="oc-247">
         <name>.debug_info</name>
         <load_address>0x4d34</load_address>
         <run_address>0x4d34</run_address>
         <size>0x10e</size>
         <input_file_ref idref="fl-3"/>
      </object_component>
      <object_component id="oc-24d">
         <name>.debug_info</name>
         <load_address>0x4e42</load_address>
         <run_address>0x4e42</run_address>
         <size>0x10a</size>
         <input_file_ref idref="fl-3"/>
      </object_component>
      <object_component id="oc-253">
         <name>.debug_info</name>
         <load_address>0x4f4c</load_address>
         <run_address>0x4f4c</run_address>
         <size>0x11c</size>
         <input_file_ref idref="fl-3"/>
      </object_component>
      <object_component id="oc-259">
         <name>.debug_info</name>
         <load_address>0x5068</load_address>
         <run_address>0x5068</run_address>
         <size>0x11e</size>
         <input_file_ref idref="fl-3"/>
      </object_component>
      <object_component id="oc-25f">
         <name>.debug_info</name>
         <load_address>0x5186</load_address>
         <run_address>0x5186</run_address>
         <size>0x112</size>
         <input_file_ref idref="fl-3"/>
      </object_component>
      <object_component id="oc-265">
         <name>.debug_info</name>
         <load_address>0x5298</load_address>
         <run_address>0x5298</run_address>
         <size>0x112</size>
         <input_file_ref idref="fl-3"/>
      </object_component>
      <object_component id="oc-26b">
         <name>.debug_info</name>
         <load_address>0x53aa</load_address>
         <run_address>0x53aa</run_address>
         <size>0x112</size>
         <input_file_ref idref="fl-3"/>
      </object_component>
      <object_component id="oc-271">
         <name>.debug_info</name>
         <load_address>0x54bc</load_address>
         <run_address>0x54bc</run_address>
         <size>0x112</size>
         <input_file_ref idref="fl-3"/>
      </object_component>
      <object_component id="oc-277">
         <name>.debug_info</name>
         <load_address>0x55ce</load_address>
         <run_address>0x55ce</run_address>
         <size>0x112</size>
         <input_file_ref idref="fl-3"/>
      </object_component>
      <object_component id="oc-27d">
         <name>.debug_info</name>
         <load_address>0x56e0</load_address>
         <run_address>0x56e0</run_address>
         <size>0x10c</size>
         <input_file_ref idref="fl-3"/>
      </object_component>
      <object_component id="oc-283">
         <name>.debug_info</name>
         <load_address>0x57ec</load_address>
         <run_address>0x57ec</run_address>
         <size>0x110</size>
         <input_file_ref idref="fl-3"/>
      </object_component>
      <object_component id="oc-289">
         <name>.debug_info</name>
         <load_address>0x58fc</load_address>
         <run_address>0x58fc</run_address>
         <size>0x110</size>
         <input_file_ref idref="fl-3"/>
      </object_component>
      <object_component id="oc-28f">
         <name>.debug_info</name>
         <load_address>0x5a0c</load_address>
         <run_address>0x5a0c</run_address>
         <size>0x110</size>
         <input_file_ref idref="fl-3"/>
      </object_component>
      <object_component id="oc-295">
         <name>.debug_info</name>
         <load_address>0x5b1c</load_address>
         <run_address>0x5b1c</run_address>
         <size>0x110</size>
         <input_file_ref idref="fl-3"/>
      </object_component>
      <object_component id="oc-29b">
         <name>.debug_info</name>
         <load_address>0x5c2c</load_address>
         <run_address>0x5c2c</run_address>
         <size>0x110</size>
         <input_file_ref idref="fl-3"/>
      </object_component>
      <object_component id="oc-2a1">
         <name>.debug_info</name>
         <load_address>0x5d3c</load_address>
         <run_address>0x5d3c</run_address>
         <size>0x10c</size>
         <input_file_ref idref="fl-3"/>
      </object_component>
      <object_component id="oc-2a7">
         <name>.debug_info</name>
         <load_address>0x5e48</load_address>
         <run_address>0x5e48</run_address>
         <size>0x10e</size>
         <input_file_ref idref="fl-3"/>
      </object_component>
      <object_component id="oc-2ad">
         <name>.debug_info</name>
         <load_address>0x5f56</load_address>
         <run_address>0x5f56</run_address>
         <size>0x10c</size>
         <input_file_ref idref="fl-3"/>
      </object_component>
      <object_component id="oc-2b3">
         <name>.debug_info</name>
         <load_address>0x6062</load_address>
         <run_address>0x6062</run_address>
         <size>0x114</size>
         <input_file_ref idref="fl-3"/>
      </object_component>
      <object_component id="oc-2b9">
         <name>.debug_info</name>
         <load_address>0x6176</load_address>
         <run_address>0x6176</run_address>
         <size>0x10e</size>
         <input_file_ref idref="fl-3"/>
      </object_component>
      <object_component id="oc-2bf">
         <name>.debug_info</name>
         <load_address>0x6284</load_address>
         <run_address>0x6284</run_address>
         <size>0x10e</size>
         <input_file_ref idref="fl-3"/>
      </object_component>
      <object_component id="oc-2c5">
         <name>.debug_info</name>
         <load_address>0x6392</load_address>
         <run_address>0x6392</run_address>
         <size>0x10e</size>
         <input_file_ref idref="fl-3"/>
      </object_component>
      <object_component id="oc-2cb">
         <name>.debug_info</name>
         <load_address>0x64a0</load_address>
         <run_address>0x64a0</run_address>
         <size>0x11c</size>
         <input_file_ref idref="fl-3"/>
      </object_component>
      <object_component id="oc-2d1">
         <name>.debug_info</name>
         <load_address>0x65bc</load_address>
         <run_address>0x65bc</run_address>
         <size>0x120</size>
         <input_file_ref idref="fl-3"/>
      </object_component>
      <object_component id="oc-2d7">
         <name>.debug_info</name>
         <load_address>0x66dc</load_address>
         <run_address>0x66dc</run_address>
         <size>0x11c</size>
         <input_file_ref idref="fl-3"/>
      </object_component>
      <object_component id="oc-2dd">
         <name>.debug_info</name>
         <load_address>0x67f8</load_address>
         <run_address>0x67f8</run_address>
         <size>0x11c</size>
         <input_file_ref idref="fl-3"/>
      </object_component>
      <object_component id="oc-2e3">
         <name>.debug_info</name>
         <load_address>0x6914</load_address>
         <run_address>0x6914</run_address>
         <size>0x11c</size>
         <input_file_ref idref="fl-3"/>
      </object_component>
      <object_component id="oc-2e9">
         <name>.debug_info</name>
         <load_address>0x6a30</load_address>
         <run_address>0x6a30</run_address>
         <size>0x118</size>
         <input_file_ref idref="fl-3"/>
      </object_component>
      <object_component id="oc-2ef">
         <name>.debug_info</name>
         <load_address>0x6b48</load_address>
         <run_address>0x6b48</run_address>
         <size>0x112</size>
         <input_file_ref idref="fl-3"/>
      </object_component>
      <object_component id="oc-38f">
         <name>.debug_info</name>
         <load_address>0x6c5a</load_address>
         <run_address>0x6c5a</run_address>
         <size>0xfb</size>
         <input_file_ref idref="fl-4"/>
      </object_component>
      <object_component id="oc-49b">
         <name>.debug_info</name>
         <load_address>0x6d55</load_address>
         <run_address>0x6d55</run_address>
         <size>0xff</size>
         <input_file_ref idref="fl-4"/>
      </object_component>
      <object_component id="oc-494">
         <name>.debug_info</name>
         <load_address>0x6e54</load_address>
         <run_address>0x6e54</run_address>
         <size>0xf1</size>
         <input_file_ref idref="fl-4"/>
      </object_component>
      <object_component id="oc-524">
         <name>.debug_info</name>
         <load_address>0x6f45</load_address>
         <run_address>0x6f45</run_address>
         <size>0xf4</size>
         <input_file_ref idref="fl-4"/>
      </object_component>
      <object_component id="oc-527">
         <name>.debug_info</name>
         <load_address>0x7039</load_address>
         <run_address>0x7039</run_address>
         <size>0xf4</size>
         <input_file_ref idref="fl-4"/>
      </object_component>
      <object_component id="oc-38c">
         <name>.debug_info</name>
         <load_address>0x712d</load_address>
         <run_address>0x712d</run_address>
         <size>0xfd</size>
         <input_file_ref idref="fl-4"/>
      </object_component>
      <object_component id="oc-3f6">
         <name>.debug_info</name>
         <load_address>0x722a</load_address>
         <run_address>0x722a</run_address>
         <size>0xf8</size>
         <input_file_ref idref="fl-4"/>
      </object_component>
      <object_component id="oc-4be">
         <name>.debug_info</name>
         <load_address>0x7322</load_address>
         <run_address>0x7322</run_address>
         <size>0xf8</size>
         <input_file_ref idref="fl-4"/>
      </object_component>
      <object_component id="oc-389">
         <name>.debug_info</name>
         <load_address>0x741a</load_address>
         <run_address>0x741a</run_address>
         <size>0xf4</size>
         <input_file_ref idref="fl-4"/>
      </object_component>
      <object_component id="oc-498">
         <name>.debug_info</name>
         <load_address>0x750e</load_address>
         <run_address>0x750e</run_address>
         <size>0x101</size>
         <input_file_ref idref="fl-4"/>
      </object_component>
      <object_component id="oc-3f3">
         <name>.debug_info</name>
         <load_address>0x760f</load_address>
         <run_address>0x760f</run_address>
         <size>0xfd</size>
         <input_file_ref idref="fl-4"/>
      </object_component>
      <object_component id="oc-446">
         <name>.debug_info</name>
         <load_address>0x770c</load_address>
         <run_address>0x770c</run_address>
         <size>0xfd</size>
         <input_file_ref idref="fl-4"/>
      </object_component>
      <object_component id="oc-3a0">
         <name>.debug_info</name>
         <load_address>0x7809</load_address>
         <run_address>0x7809</run_address>
         <size>0x137</size>
[...]
      </symbol>
      <symbol id="sm-3fb">
         <name>SCIA_RX_ISR</name>
         <value>0x82c9c</value>
         <object_component_ref idref="oc-204"/>
      </symbol>
      <symbol id="sm-3fc">
         <name>SCIA_TX_ISR</name>
         <value>0x82ca6</value>
         <object_component_ref idref="oc-20a"/>
      </symbol>
      <symbol id="sm-3fd">
         <name>CLB2_ISR</name>
         <value>0x82a62</value>
         <object_component_ref idref="oc-1aa"/>
      </symbol>
      <symbol id="sm-3fe">
         <name>ECAP1_ISR</name>
         <value>0x82ac6</value>
         <object_component_ref idref="oc-186"/>
      </symbol>
      <symbol id="sm-3ff">
         <name>ADCA4_ISR</name>
         <value>0x829f4</value>
         <object_component_ref idref="oc-22e"/>
      </symbol>
      <symbol id="sm-400">
         <name>FPU_OVERFLOW_ISR</name>
         <value>0x82bac</value>
         <object_component_ref idref="oc-252"/>
      </symbol>
      <symbol id="sm-401">
         <name>ADCC4_ISR</name>
         <value>0x82a26</value>
         <object_component_ref idref="oc-2c4"/>
      </symbol>
      <symbol id="sm-402">
         <name>FSITXA2_ISR</name>
         <value>0x82bde</value>
         <object_component_ref idref="oc-26a"/>
      </symbol>
      <symbol id="sm-403">
         <name>EPWM7_ISR</name>
         <value>0x82b70</value>
         <object_component_ref idref="oc-180"/>
      </symbol>
      <symbol id="sm-404">
         <name>USER10_ISR</name>
         <value>0x82d00</value>
         <object_component_ref idref="oc-fc"/>
      </symbol>
      <symbol id="sm-405">
         <name>XINT1_ISR</name>
         <value>0x82d82</value>
         <object_component_ref idref="oc-11a"/>
      </symbol>
      <symbol id="sm-406">
         <name>USER7_ISR</name>
         <value>0x82d5a</value>
         <object_component_ref idref="oc-ea"/>
      </symbol>
      <symbol id="sm-407">
         <name>USER9_ISR</name>
         <value>0x82d6e</value>
         <object_component_ref idref="oc-f6"/>
      </symbol>
      <symbol id="sm-408">
         <name>ECAP2_ISR</name>
         <value>0x82ad0</value>
         <object_component_ref idref="oc-18c"/>
      </symbol>
      <symbol id="sm-409">
         <name>EPWM5_TZ_ISR</name>
         <value>0x82b52</value>
         <object_component_ref idref="oc-14a"/>
      </symbol>
      <symbol id="sm-40a">
         <name>I2CB_FIFO_ISR</name>
         <value>0x82c06</value>
         <object_component_ref idref="oc-1fe"/>
      </symbol>
      <symbol id="sm-40b">
         <name>DMA_CH1_ISR</name>
         <value>0x82a8a</value>
         <object_component_ref idref="oc-1c8"/>
      </symbol>
      <symbol id="sm-40c">
         <name>USER6_ISR</name>
         <value>0x82d50</value>
         <object_component_ref idref="oc-e4"/>
      </symbol>
      <symbol id="sm-40d">
         <name>USER8_ISR</name>
         <value>0x82d64</value>
         <object_component_ref idref="oc-f0"/>
      </symbol>
      <symbol id="sm-40e">
         <name>SPIB_RX_ISR</name>
         <value>0x82cc4</value>
         <object_component_ref idref="oc-1bc"/>
      </symbol>
      <symbol id="sm-40f">
         <name>SPIB_TX_ISR</name>
         <value>0x82cce</value>
         <object_component_ref idref="oc-1c2"/>
      </symbol>
      <symbol id="sm-410">
         <name>ECAP3_ISR</name>
         <value>0x82ae4</value>
         <object_component_ref idref="oc-192"/>
      </symbol>
      <symbol id="sm-411">
         <name>EPWM1_ISR</name>
         <value>0x82af8</value>
         <object_component_ref idref="oc-15c"/>
      </symbol>
      <symbol id="sm-412">
         <name>DMA_CH2_ISR</name>
         <value>0x82a94</value>
         <object_component_ref idref="oc-1ce"/>
      </symbol>
      <symbol id="sm-413">
         <name>USER12_ISR</name>
         <value>0x82d14</value>
         <object_component_ref idref="oc-108"/>
      </symbol>
      <symbol id="sm-414">
         <name>XINT3_ISR</name>
         <value>0x82d96</value>
         <object_component_ref idref="oc-234"/>
      </symbol>
      <symbol id="sm-415">
         <name>USER1_ISR</name>
         <value>0x82d1e</value>
         <object_component_ref idref="oc-c6"/>
      </symbol>
      <symbol id="sm-416">
         <name>I2CA_ISR</name>
         <value>0x82bfc</value>
         <object_component_ref idref="oc-1ec"/>
      </symbol>
      <symbol id="sm-417">
         <name>HICA_ISR</name>
         <value>0x82be8</value>
         <object_component_ref idref="oc-2ac"/>
      </symbol>
      <symbol id="sm-418">
         <name>CANA0_ISR</name>
         <value>0x82a44</value>
         <object_component_ref idref="oc-210"/>
      </symbol>
      <symbol id="sm-419">
         <name>LINB_0_ISR</name>
         <value>0x82c38</value>
         <object_component_ref idref="oc-28e"/>
      </symbol>
      <symbol id="sm-41a">
         <name>FSIRXA1_ISR</name>
         <value>0x82bc0</value>
         <object_component_ref idref="oc-270"/>
      </symbol>
      <symbol id="sm-41b">
         <name>EPWM1_TZ_ISR</name>
         <value>0x82b02</value>
         <object_component_ref idref="oc-132"/>
      </symbol>
      <symbol id="sm-41c">
         <name>I2CA_FIFO_ISR</name>
         <value>0x82bf2</value>
         <object_component_ref idref="oc-1f2"/>
      </symbol>
      <symbol id="sm-41d">
         <name>EPWM2_ISR</name>
         <value>0x82b0c</value>
         <object_component_ref idref="oc-162"/>
      </symbol>
      <symbol id="sm-41e">
         <name>DMA_CH3_ISR</name>
         <value>0x82a9e</value>
         <object_component_ref idref="oc-1d4"/>
      </symbol>
      <symbol id="sm-41f">
         <name>FMC_ISR</name>
         <value>0x82ba2</value>
         <object_component_ref idref="oc-24c"/>
      </symbol>
      <symbol id="sm-420">
         <name>ADCC_EVT_ISR</name>
         <value>0x82a30</value>
         <object_component_ref idref="oc-2b2"/>
      </symbol>
      <symbol id="sm-421">
         <name>DATALOG_ISR</name>
         <value>0x82a6c</value>
         <object_component_ref idref="oc-a8"/>
      </symbol>
      <symbol id="sm-422">
         <name>XINT2_ISR</name>
         <value>0x82d8c</value>
         <object_component_ref idref="oc-120"/>
      </symbol>
      <symbol id="sm-423">
         <name>PIE_RESERVED_ISR</name>
         <value>0x82c6a</value>
         <object_component_ref idref="oc-2e2"/>
      </symbol>
      <symbol id="sm-424">
         <name>FLASH_CORR_ERR_ISR</name>
         <value>0x82b98</value>
         <object_component_ref idref="oc-2d0"/>
      </symbol>
      <symbol id="sm-425">
         <name>I2CB_ISR</name>
         <value>0x82c10</value>
         <object_component_ref idref="oc-1f8"/>
      </symbol>
      <symbol id="sm-426">
         <name>CANA1_ISR</name>
         <value>0x82a4e</value>
         <object_component_ref idref="oc-216"/>
      </symbol>
      <symbol id="sm-427">
         <name>LINB_1_ISR</name>
         <value>0x82c42</value>
         <object_component_ref idref="oc-294"/>
      </symbol>
      <symbol id="sm-428">
         <name>FSIRXA2_ISR</name>
         <value>0x82bca</value>
         <object_component_ref idref="oc-276"/>
      </symbol>
      <symbol id="sm-429">
         <name>ILLEGAL_ISR</name>
         <value>0x82c1a</value>
         <object_component_ref idref="oc-c0"/>
      </symbol>
      <symbol id="sm-42a">
         <name>EPWM3_ISR</name>
         <value>0x82b20</value>
         <object_component_ref idref="oc-168"/>
      </symbol>
      <symbol id="sm-42b">
         <name>TIMER0_ISR</name>
         <value>0x82ce2</value>
         <object_component_ref idref="oc-126"/>
      </symbol>
      <symbol id="sm-42c">
         <name>USER3_ISR</name>
         <value>0x82d32</value>
         <object_component_ref idref="oc-d2"/>
      </symbol>
      <symbol id="sm-46e">
         <name>ClkCfgRegs</name>
         <value>0x5d200</value>
         <object_component_ref idref="oc-3f5"/>
      </symbol>
      <symbol id="sm-46f">
         <name>PieVectTable</name>
         <value>0xd00</value>
         <object_component_ref idref="oc-3f2"/>
      </symbol>
      <symbol id="sm-470">
         <name>GpioCtrlRegs</name>
         <value>0x7c00</value>
         <object_component_ref idref="oc-445"/>
      </symbol>
      <symbol id="sm-471">
         <name>Dcc0Regs</name>
         <value>0x5e700</value>
         <object_component_ref idref="oc-523"/>
      </symbol>
      <symbol id="sm-472">
         <name>CpuSysRegs</name>
         <value>0x5d300</value>
         <object_component_ref idref="oc-4bd"/>
      </symbol>
      <symbol id="sm-473">
         <name>Dcc1Regs</name>
         <value>0x5e740</value>
         <object_component_ref idref="oc-526"/>
      </symbol>
      <symbol id="sm-474">
         <name>CanaRegs</name>
         <value>0x48000</value>
         <object_component_ref idref="oc-388"/>
      </symbol>
      <symbol id="sm-475">
         <name>Flash0CtrlRegs</name>
         <value>0x5f800</value>
         <object_component_ref idref="oc-497"/>
      </symbol>
      <symbol id="sm-476">
         <name>Flash0EccRegs</name>
         <value>0x5fb00</value>
         <object_component_ref idref="oc-49a"/>
      </symbol>
      <symbol id="sm-477">
         <name>PieCtrlRegs</name>
         <value>0xce0</value>
         <object_component_ref idref="oc-38e"/>
      </symbol>
      <symbol id="sm-478">
         <name>WdRegs</name>
         <value>0x7000</value>
         <object_component_ref idref="oc-493"/>
      </symbol>
      <symbol id="sm-479">
         <name>GpioDataRegs</name>
         <value>0x7f00</value>
         <object_component_ref idref="oc-38b"/>
      </symbol>
      <symbol id="sm-48b">
         <name>InitGpio</name>
         <value>0x82767</value>
         <object_component_ref idref="oc-39f"/>
      </symbol>
      <symbol id="sm-498">
         <name>InitPieCtrl</name>
         <value>0x828e6</value>
         <object_component_ref idref="oc-3a5"/>
      </symbol>
      <symbol id="sm-4ac">
         <name>InitPieVectTable</name>
         <value>0x82882</value>
         <object_component_ref idref="oc-3ab"/>
      </symbol>
      <symbol id="sm-4ad">
         <name>PieVectTableInit</name>
         <value>0x81000</value>
         <object_component_ref idref="oc-9f"/>
      </symbol>
      <symbol id="sm-531">
         <name>ComputeCntrSeedValue</name>
         <value>0x824aa</value>
         <object_component_ref idref="oc-52e"/>
      </symbol>
      <symbol id="sm-532">
         <name>IsPLLValid</name>
         <value>0x82379</value>
         <object_component_ref idref="oc-4b6"/>
      </symbol>
      <symbol id="sm-533">
         <name>InitPeripheralClocks</name>
         <value>0x8271a</value>
         <object_component_ref idref="oc-43d"/>
      </symbol>
      <symbol id="sm-534">
         <name>SysIntOsc1Sel</name>
         <value>0x82db4</value>
         <object_component_ref idref="oc-49e"/>
      </symbol>
      <symbol id="sm-535">
         <name>SysXtalOscSel</name>
         <value>0x828a7</value>
         <object_component_ref idref="oc-4aa"/>
      </symbol>
      <symbol id="sm-536">
         <name>SysXtalOscSESel</name>
         <value>0x8298e</value>
         <object_component_ref idref="oc-4b0"/>
      </symbol>
      <symbol id="sm-537">
         <name>InitSysCtrl</name>
         <value>0x82922</value>
         <object_component_ref idref="oc-399"/>
      </symbol>
      <symbol id="sm-538">
         <name>InitFlash</name>
         <value>0xc000</value>
         <object_component_ref idref="oc-431"/>
      </symbol>
      <symbol id="sm-539">
         <name>DisableDog</name>
         <value>0x829a3</value>
         <object_component_ref idref="oc-42b"/>
      </symbol>
      <symbol id="sm-53a">
         <name>InitSysPll</name>
         <value>0x820f2</value>
         <object_component_ref idref="oc-437"/>
      </symbol>
      <symbol id="sm-53b">
         <name>SysIntOsc2Sel</name>
         <value>0x82dd6</value>
         <object_component_ref idref="oc-4a4"/>
      </symbol>
      <symbol id="sm-543">
         <name>F28x_usDelay</name>
         <value>0xc025</value>
         <object_component_ref idref="oc-3d5"/>
      </symbol>
      <symbol id="sm-554">
         <name>InitCAN</name>
         <value>0x82644</value>
         <object_component_ref idref="oc-3bd"/>
      </symbol>
      <symbol id="sm-5a9">
         <name>getCANMessage</name>
         <value>0x821d8</value>
         <object_component_ref idref="oc-391"/>
      </symbol>
      <symbol id="sm-5aa">
         <name>sendCANMessage</name>
         <value>0x822b0</value>
         <object_component_ref idref="oc-3dd"/>
      </symbol>
      <symbol id="sm-5ab">
         <name>setupMessageObject_TX</name>
         <value>0x826b4</value>
         <object_component_ref idref="oc-3cf"/>
      </symbol>
      <symbol id="sm-5ac">
         <name>setupMessageObject_RX</name>
         <value>0x825c0</value>
         <object_component_ref idref="oc-3c9"/>
      </symbol>
      <symbol id="sm-5ad">
         <name>setCANBitRate</name>
         <value>0x82419</value>
         <object_component_ref idref="oc-3c3"/>
      </symbol>
      <symbol id="sm-5c2">
         <name>GPIO_USER_LED</name>
         <value>0x828c7</value>
         <object_component_ref idref="oc-3b7"/>
      </symbol>
      <symbol id="sm-5c3">
         <name>GPIO_CANA</name>
         <value>0x82905</value>
         <object_component_ref idref="oc-3b1"/>
      </symbol>
      <symbol id="sm-5d1">
         <name>cana_isr</name>
         <value>0x827b3</value>
         <object_component_ref idref="oc-2f4"/>
      </symbol>
      <symbol id="sm-615">
         <name>OFS_Setup</name>
         <value>0xa001</value>
         <object_component_ref idref="oc-3f8"/>
      </symbol>
      <symbol id="sm-616">
         <name>comando_feeder_new</name>
         <value>0xa007</value>
         <object_component_ref idref="oc-385"/>
      </symbol>
      <symbol id="sm-617">
         <name>message1_tx</name>
         <value>0xa018</value>
         <object_component_ref idref="oc-3ef"/>
      </symbol>
      <symbol id="sm-618">
         <name>messageSize</name>
         <value>0xa00a</value>
         <object_component_ref idref="oc-385"/>
      </symbol>
      <symbol id="sm-619">
         <name>dbg_can</name>
         <value>0xa008</value>
         <object_component_ref idref="oc-385"/>
      </symbol>
      <symbol id="sm-61a">
         <name>main</name>
         <value>0x82000</value>
         <object_component_ref idref="oc-2fa"/>
      </symbol>
      <symbol id="sm-61b">
         <name>conta</name>
         <value>0xa006</value>
         <object_component_ref idref="oc-385"/>
      </symbol>
      <symbol id="sm-61c">
         <name>comando_feeder_default</name>
         <value>0xa000</value>
         <object_component_ref idref="oc-3f8"/>
      </symbol>
      <symbol id="sm-61d">
         <name>msgCount</name>
         <value>0xa00c</value>
         <object_component_ref idref="oc-385"/>
      </symbol>
      <symbol id="sm-61e">
         <name>message1</name>
         <value>0xa010</value>
         <object_component_ref idref="oc-3da"/>
      </symbol>
      <symbol id="sm-61f">
         <name>message2</name>
         <value>0xa020</value>
         <object_component_ref idref="oc-3e3"/>
      </symbol>
      <symbol id="sm-620">
         <name>message3</name>
         <value>0xa028</value>
         <object_component_ref idref="oc-3e6"/>
      </symbol>
      <symbol id="sm-621">
         <name>message4</name>
         <value>0xa030</value>
         <object_component_ref idref="oc-3e9"/>
      </symbol>
      <symbol id="sm-622">
         <name>message5</name>
         <value>0xa038</value>
         <object_component_ref idref="oc-3ec"/>
      </symbol>
      <symbol id="sm-623">
         <name>ucRXMsgData</name>
         <value>0xa040</value>
         <object_component_ref idref="oc-423"/>
      </symbol>
      <symbol id="sm-624">
         <name>errFlag</name>
         <value>0xa00e</value>
         <object_component_ref idref="oc-385"/>
      </symbol>
      <symbol id="sm-625">
         <name>cnt_rx</name>
         <value>0xa009</value>
         <object_component_ref idref="oc-385"/>
      </symbol>
      <symbol id="sm-62f">
         <name>_c_int00</name>
         <value>0x82977</value>
         <object_component_ref idref="oc-40e"/>
      </symbol>
      <symbol id="sm-630">
         <name>__stack</name>
         <value>0x400</value>
         <object_component_ref idref="oc-300"/>
      </symbol>
      <symbol id="sm-63d">
         <name>__c28xabi_divf</name>
         <value>0x82538</value>
         <object_component_ref idref="oc-529"/>
      </symbol>
      <symbol id="sm-64f">
         <name>memcpy</name>
         <value>0x8293f</value>
         <object_component_ref idref="oc-303"/>
      </symbol>
      <symbol id="sm-65c">
         <name>_system_pre_init</name>
         <value>0x82ddd</value>
         <object_component_ref idref="oc-477"/>
      </symbol>
      <symbol id="sm-66b">
         <name>__TI_auto_init_nobinit_nopinit</name>
         <value>0x8282e</value>
         <object_component_ref idref="oc-4d9"/>
      </symbol>
      <symbol id="sm-67a">
         <name>__TI_zero_init_nomemset</name>
         <value>0x829bd</value>
         <object_component_ref idref="oc-30b"/>
      </symbol>
      <symbol id="sm-687">
         <name>__TI_decompress_none</name>
         <value>0x82dc6</value>
         <object_component_ref idref="oc-87"/>
      </symbol>
      <symbol id="sm-69b">
         <name>__TI_decompress_lzss</name>
         <value>0x827fe</value>
         <object_component_ref idref="oc-81"/>
      </symbol>
      <symbol id="sm-6b1">
         <name>C$$EXIT</name>
         <value>0x82859</value>
         <object_component_ref idref="oc-484"/>
      </symbol>
      <symbol id="sm-6b2">
         <name>abort</name>
         <value>0x82859</value>
         <object_component_ref idref="oc-484"/>
      </symbol>
      <symbol id="sm-6b3">
         <name>exit</name>
         <value>0x8285b</value>
         <object_component_ref idref="oc-484"/>
      </symbol>
      <symbol id="sm-6b4">
         <name>__TI_dtors_ptr</name>
         <value>0xa04c</value>
         <object_component_ref idref="oc-50b"/>
      </symbol>
      <symbol id="sm-6b5">
         <name>__TI_cleanup_ptr</name>
         <value>0xa04a</value>
         <object_component_ref idref="oc-50b"/>
      </symbol>
      <symbol id="sm-6b6">
         <name>__TI_enable_exit_profile_output</name>
         <value>0xa048</value>
         <object_component_ref idref="oc-50b"/>
      </symbol>
      <symbol id="sm-6cd">
         <name>_nop</name>
         <value>0x82dc5</value>
         <object_component_ref idref="oc-554"/>
      </symbol>
      <symbol id="sm-6ce">
         <name>_lock</name>
         <value>0xa04e</value>
         <object_component_ref idref="oc-50e"/>
      </symbol>
      <symbol id="sm-6cf">
         <name>_unlock</name>
         <value>0xa050</value>
         <object_component_ref idref="oc-56e"/>
      </symbol>
      <symbol id="sm-6d0">
         <name>_register_lock</name>
         <value>0x82dc1</value>
         <object_component_ref idref="oc-554"/>
      </symbol>
      <symbol id="sm-6d1">
         <name>_register_unlock</name>
         <value>0x82dbd</value>
         <object_component_ref idref="oc-554"/>
      </symbol>
      <symbol id="sm-6e0">
         <name>_args_main</name>
         <value>0x829ca</value>
         <object_component_ref idref="oc-47e"/>
      </symbol>
      <symbol id="sm-6ef">
         <name>_system_post_cinit</name>
         <value>0x82ddf</value>
         <object_component_ref idref="oc-53a"/>
      </symbol>
      <symbol id="sm-6f1">
         <name>__c_args__</name>
         <value>0x0</value>
      </symbol>
   </symbol_table>
   <title>Link successful</title>
</link_info>
